     VMA      LMA     Size Align Out     In      Symbol
       0        0      398     4 .text
       0        0       60     4         task2_nios/software/start.o:(.init)
       0        0        0     1                 .Lpcrel_hi0
       0        0        0     1                 $x
       0        0        0     1                 _start
       8        8        0     1                 .Lpcrel_hi1
      20       20        0     1                 .Lpcrel_hi3
      28       28        0     1                 .Lpcrel_hi4
      4c       4c        0     1                 trap
      60       60        0     4         task2_nios/software/start.o:(.text)
      60       60      1e4     4         task2_nios/software/main_simulation.o:(.text)
      60       60        0     1                 .L0 
      60       60        0     1                 .L0 
      60       60        0     1                 $x
      60       60        0     1                 .L0 
      60       60      1e4     1                 main
      a0       a0        0     1                 .L0 
      c8       c8        0     1                 .L0 
      cc       cc        0     1                 .L0 
      dc       dc        0     1                 .L0 
      e0       e0        0     1                 .L0 
      e4       e4        0     1                 .L0 
      e8       e8        0     1                 .L0 
      ec       ec        0     1                 .L0 
      f0       f0        0     1                 .L0 
      f4       f4        0     1                 .L0 
      f8       f8        0     1                 .L0 
      fc       fc        0     1                 .L0 
     108      108        0     1                 .L0 
     130      130        0     1                 .L0 
     134      134        0     1                 .L0 
     138      138        0     1                 .L0 
     13c      13c        0     1                 .L0 
     14c      14c        0     1                 .L0 
     150      150        0     1                 .L0 
     164      164        0     1                 .L0 
     174      174        0     1                 .L0 
     18c      18c        0     1                 .L0 
     190      190        0     1                 .L0 
     1a0      1a0        0     1                 .L0 
     1a4      1a4        0     1                 .L0 
     1ac      1ac        0     1                 .L0 
     1bc      1bc        0     1                 .L0 
     1e4      1e4        0     1                 .L0 
     1e8      1e8        0     1                 .L0 
     1f4      1f4        0     1                 .L0 
     208      208        0     1                 .L0 
     210      210        0     1                 .L0 
     244      244      144     4         task2_nios/software/chaser_simulation.o:(.text)
     244      244        0     1                 .L0 
     244      244        0     1                 .L0 
     244      244        0     1                 $x
     244      244        0     1                 .L0 
     244      244       2c     1                 chaser_init
     25c      25c        0     1                 .L0 
     270      270        0     1                 .L0 
     270      270        0     1                 .L0 
     270      270       74     1                 chaser_sample
     28c      28c        0     1                 .L0 
     2e4      2e4        0     1                 .L0 
     2e4      2e4        0     1                 .L0 
     2e4      2e4       78     1                 chaser_controls
     35c      35c        0     1                 .L0 
     35c      35c        0     1                 .L0 
     35c      35c       2c     1                 chaser_step
     388      388       10     4         <internal>:(.rodata.cst16)
     398      398        0     1 . = ALIGN(4)
     398      398        0     1 __global_pointer$ = . + 0x800
     398      398        0     1 .bss
     398      398        0     1         __bss_start = .
     398      398        0     1         . = ALIGN(4)
     398      398        0     1         __bss_end = .
     398      398        0     1 __stack_top = ORIGIN(ram) + LENGTH(ram)
     398      398        0     1 
       0        0       25     1 .riscv.attributes
       0        0       25     1         <internal>:(.riscv.attributes)
       0        0      139     1 .debug_loclists
       0        0       52     1         task2_nios/software/main_simulation.o:(.debug_loclists)
       0        0        0     1                 $d
       c        c        0     1                 .L0 
      52       52       e7     1         task2_nios/software/chaser_simulation.o:(.debug_loclists)
      52       52        0     1                 $d
      5e       5e        0     1                 .L0 
       0        0      2d9     1 .debug_abbrev
       0        0      1c5     1         task2_nios/software/main_simulation.o:(.debug_abbrev)
       0        0        0     1                 $d
     1c5      1c5      114     1         task2_nios/software/chaser_simulation.o:(.debug_abbrev)
     1c5      1c5        0     1                 $d
       0        0      710     1 .debug_info
       0        0      5a3     1         task2_nios/software/main_simulation.o:(.debug_info)
       0        0        0     1                 $d
     5a3      5a3      16d     1         task2_nios/software/chaser_simulation.o:(.debug_info)
     5a3      5a3        0     1                 $d
       0        0       27     1 .debug_rnglists
       0        0       27     1         task2_nios/software/main_simulation.o:(.debug_rnglists)
       0        0        0     1                 $d
       c        c        0     1                 .L0 
       0        0      158     1 .debug_str_offsets
       0        0       d0     1         task2_nios/software/main_simulation.o:(.debug_str_offsets)
       0        0        0     1                 $d
       8        8        0     1                 .L0 
      d0       d0       88     1         task2_nios/software/chaser_simulation.o:(.debug_str_offsets)
      d0       d0        0     1                 $d
      d8       d8        0     1                 .L0 
       0        0      2a9     1 .debug_str
       0        0      2a9     1         <internal>:(.debug_str)
       0        0       b0     1 .debug_addr
       0        0       90     1         task2_nios/software/main_simulation.o:(.debug_addr)
       0        0        0     1                 $d
       8        8        0     1                 .L0 
      90       90       20     1         task2_nios/software/chaser_simulation.o:(.debug_addr)
      90       90        0     1                 $d
      98       98        0     1                 .L0 
       0        0       74     1 .comment
       0        0       74     1         <internal>:(.comment)
       0        0       90     4 .debug_frame
       0        0       3c     4         task2_nios/software/main_simulation.o:(.debug_frame)
       0        0        0     1                 .L0 
       0        0        0     1                 $d
      3c       3c       54     4         task2_nios/software/chaser_simulation.o:(.debug_frame)
      3c       3c        0     1                 .L0 
      3c       3c        0     1                 $d
       0        0      339     1 .debug_line
       0        0      1ea     1         task2_nios/software/main_simulation.o:(.debug_line)
       0        0        0     1                 .Lline_table_start0
       0        0        0     1                 $d
     1ea      1ea      14f     1         task2_nios/software/chaser_simulation.o:(.debug_line)
     1ea      1ea        0     1                 .Lline_table_start0
     1ea      1ea        0     1                 $d
       0        0       9d     1 .debug_line_str
       0        0       9d     1         <internal>:(.debug_line_str)
       0        0      680     4 .symtab
       0        0      680     4         <internal>:(.symtab)
       0        0       ce     1 .shstrtab
       0        0       ce     1         <internal>:(.shstrtab)
       0        0      253     1 .strtab
       0        0      253     1         <internal>:(.strtab)
